// Jest Snapshot v1, https://goo.gl/fbAQLP

exports[`<GridContent /> should render grid content 1`] = `
.c3 {
  color: #0A1128;
  font-size: 4.0rem;
  text-transform: uppercase;
  font-family: 'Montserrat',sans-serif;
  font-style: italic;
}

.c1 {
  max-width: 120rem;
  margin: 0 auto;
  padding: 3.2rem;
}

.c0 {
  background: #FFFFFF;
  color: #0A1128;
  min-height: 100vh;
  display: -webkit-box;
  display: -webkit-flex;
  display: -ms-flexbox;
  display: flex;
  -webkit-align-items: center;
  -webkit-box-align: center;
  -ms-flex-align: center;
  align-items: center;
}

.c5 {
  font-size: 1.6rem;
  text-align: left;
}

.c2 {
  text-align: center;
  max-width: 58rem;
  margin: 0 auto;
}

.c4 {
  margin: 6.4rem 0;
  width: 100%;
}

<div>
   
  <div
    class="c0"
  >
    <div
      class="c1"
    >
      <div
        class="c2"
      >
        <h2
          class="c3"
        >
          title testing
        </h2>
        <div
          class="c4"
        >
          <p
            class="c5"
          >
            <p>
              Lorem ipsum dolor sit amet. In adipisci exercitationem sed iure sapiente 
              <strong>
                Qui magnam ex accusamus
          enim
              </strong>
               et aspernatur voluptatem sit dolorem cumque est incidunt officia. Ex voluptatem harum ea architecto
          alias 
              <em>
                Qui unde in voluptatem dolor eos libero fuga aut esse velit
              </em>
              ? Cum necessitatibus reiciendis eum voluptas
          tenetur 
              <a
                href="https://www.loremipzum.com"
                target="_blank"
              >
                Ut quaerat eos obcaecati quas
              </a>
               est optio consequatur
          id ullam nisi aut consequatur iusto. Ea mollitia adipisci est dolores dolorumSed aliquid. 
            </p>
            
          
            <ul>
              
          
              <li>
                Est sint veniam qui asperiores neque! 
              </li>
              
          
              <li>
                Qui laborum architecto cum omnis minima et nemo impedit et esse molestiae. 
              </li>
              
          
              <li>
                Aut debitis placeat cum voluptatem illo. 
              </li>
              
          
            </ul>
            
          
            <p>
              Est molestias dolore 
              <strong>
                Ut labore qui unde veritatis et galisum corporis
              </strong>
               et ipsam exercitationem est
          quas obcaecati. Et harum reprehenderit 
              <em>
                In voluptatibus sit quaerat neque in ullam maiores
              </em>
               aut enim sapiente?
          
            </p>
            
          
            <p>
              Aut laborum nulla qui quos dolores 
              <strong>
                Est numquam id quidem modi
              </strong>
              . Eum animi officiis ex ratione impedit
          
              <a
                href="https://www.loremipzum.com"
                target="_blank"
              >
                Ut impedit et dolorem provident non dolor quia ea dolorem
            eveniet
              </a>
              . Eos molestias explicabo 
              <em>
                Non quia
              </em>
               aut nemo galisum rem expedita sunt? Ut aliquam unde ut
          numquam quamNon doloremque sit corrupti reprehenderit id culpa nihil quo natus incidunt hic unde labore. 
            </p>
          </p>
        </div>
      </div>
    </div>
  </div>
   
</div>
`;

exports[`<GridContent /> should render grid content 2`] = `
.c3 {
  color: #0A1128;
  font-size: 4.0rem;
  text-transform: uppercase;
  font-family: 'Montserrat',sans-serif;
  font-style: italic;
}

.c1 {
  max-width: 120rem;
  margin: 0 auto;
  padding: 3.2rem;
}

.c0 {
  background: #FFFFFF;
  color: #0A1128;
  min-height: 100vh;
  display: -webkit-box;
  display: -webkit-flex;
  display: -ms-flexbox;
  display: flex;
  -webkit-align-items: center;
  -webkit-box-align: center;
  -ms-flex-align: center;
  align-items: center;
}

.c5 {
  font-size: 1.6rem;
  text-align: left;
}

.c2 {
  text-align: center;
  max-width: 58rem;
  margin: 0 auto;
}

.c4 {
  margin: 6.4rem 0;
  width: 100%;
}

<div>
   
  <div
    class="c0"
  >
    <div
      class="c1"
    >
      <div
        class="c2"
      >
        <h2
          class="c3"
        >
          title testing
        </h2>
        <div
          class="c4"
        >
          <p
            class="c5"
          >
            <p>
              Lorem ipsum dolor sit amet. In adipisci exercitationem sed iure sapiente 
              <strong>
                Qui magnam ex accusamus
          enim
              </strong>
               et aspernatur voluptatem sit dolorem cumque est incidunt officia. Ex voluptatem harum ea architecto
          alias 
              <em>
                Qui unde in voluptatem dolor eos libero fuga aut esse velit
              </em>
              ? Cum necessitatibus reiciendis eum voluptas
          tenetur 
              <a
                href="https://www.loremipzum.com"
                target="_blank"
              >
                Ut quaerat eos obcaecati quas
              </a>
               est optio consequatur
          id ullam nisi aut consequatur iusto. Ea mollitia adipisci est dolores dolorumSed aliquid. 
            </p>
            
          
            <ul>
              
          
              <li>
                Est sint veniam qui asperiores neque! 
              </li>
              
          
              <li>
                Qui laborum architecto cum omnis minima et nemo impedit et esse molestiae. 
              </li>
              
          
              <li>
                Aut debitis placeat cum voluptatem illo. 
              </li>
              
          
            </ul>
            
          
            <p>
              Est molestias dolore 
              <strong>
                Ut labore qui unde veritatis et galisum corporis
              </strong>
               et ipsam exercitationem est
          quas obcaecati. Et harum reprehenderit 
              <em>
                In voluptatibus sit quaerat neque in ullam maiores
              </em>
               aut enim sapiente?
          
            </p>
            
          
            <p>
              Aut laborum nulla qui quos dolores 
              <strong>
                Est numquam id quidem modi
              </strong>
              . Eum animi officiis ex ratione impedit
          
              <a
                href="https://www.loremipzum.com"
                target="_blank"
              >
                Ut impedit et dolorem provident non dolor quia ea dolorem
            eveniet
              </a>
              . Eos molestias explicabo 
              <em>
                Non quia
              </em>
               aut nemo galisum rem expedita sunt? Ut aliquam unde ut
          numquam quamNon doloremque sit corrupti reprehenderit id culpa nihil quo natus incidunt hic unde labore. 
            </p>
          </p>
        </div>
      </div>
    </div>
  </div>
   
</div>
`;
